WARNING: A terminally deprecated method in sun.misc.Unsafe has been called
WARNING: sun.misc.Unsafe::allocateMemory has been called by io.netty.util.internal.PlatformDependent0$2 (file:/Users/zaidkhan/Downloads/minecraft-server/libraries/io/netty/netty-common/4.1.118.Final/netty-common-4.1.118.Final.jar)
WARNING: Please consider reporting this to the maintainers of class io.netty.util.internal.PlatformDependent0$2
WARNING: sun.misc.Unsafe::allocateMemory will be removed in a future release
WARNING: A restricted method in java.lang.System has been called
WARNING: java.lang.System::load has been called by com.sun.jna.Native in an unnamed module (file:/Users/zaidkhan/Downloads/minecraft-server/.fabric/processedMods/net_java_dev_jna_jna-5.16.0-d8185e8d38e6179d.jar)
WARNING: Use --enable-native-access=ALL-UNNAMED to avoid a warning for callers in this module
WARNING: Restricted methods will be blocked in a future release unless native access is enabled

Sept 27, 2025 11:05:05 PM org.mineskin.ClientBuilder build
WARNING: Creating MineSkinClient without API key - Please get an API key from https://account.mineskin.org/keys
WARNING: A terminally deprecated method in sun.misc.Unsafe has been called
WARNING: sun.misc.Unsafe::allocateMemory has been called by io.netty.util.internal.PlatformDependent0$2 (file:/Users/zaidkhan/Downloads/minecraft-server/libraries/io/netty/netty-common/4.1.118.Final/netty-common-4.1.118.Final.jar)
WARNING: Please consider reporting this to the maintainers of class io.netty.util.internal.PlatformDependent0$2
WARNING: sun.misc.Unsafe::allocateMemory will be removed in a future release
WARNING: A restricted method in java.lang.System has been called
WARNING: java.lang.System::load has been called by com.sun.jna.Native in an unnamed module (file:/Users/zaidkhan/Downloads/minecraft-server/.fabric/processedMods/net_java_dev_jna_jna-5.16.0-d8185e8d38e6179d.jar)
WARNING: Use --enable-native-access=ALL-UNNAMED to avoid a warning for callers in this module
WARNING: Restricted methods will be blocked in a future release unless native access is enabled

Sept 28, 2025 10:01:52 PM org.mineskin.ClientBuilder build
WARNING: Creating MineSkinClient without API key - Please get an API key from https://account.mineskin.org/keys
WARNING: A terminally deprecated method in sun.misc.Unsafe has been called
WARNING: sun.misc.Unsafe::allocateMemory has been called by io.netty.util.internal.PlatformDependent0$2 (file:/Users/zaidkhan/Downloads/minecraft-server/libraries/io/netty/netty-common/4.1.118.Final/netty-common-4.1.118.Final.jar)
WARNING: Please consider reporting this to the maintainers of class io.netty.util.internal.PlatformDependent0$2
WARNING: sun.misc.Unsafe::allocateMemory will be removed in a future release
WARNING: A restricted method in java.lang.System has been called
WARNING: java.lang.System::load has been called by com.sun.jna.Native in an unnamed module (file:/Users/zaidkhan/Downloads/minecraft-server/.fabric/processedMods/net_java_dev_jna_jna-5.16.0-d8185e8d38e6179d.jar)
WARNING: Use --enable-native-access=ALL-UNNAMED to avoid a warning for callers in this module
WARNING: Restricted methods will be blocked in a future release unless native access is enabled

Sept 29, 2025 7:36:37 PM org.mineskin.ClientBuilder build
WARNING: Creating MineSkinClient without API key - Please get an API key from https://account.mineskin.org/keys
WARNING: A terminally deprecated method in sun.misc.Unsafe has been called
WARNING: sun.misc.Unsafe::allocateMemory has been called by io.netty.util.internal.PlatformDependent0$2 (file:/Users/zaidkhan/Downloads/minecraft-server/libraries/io/netty/netty-common/4.1.118.Final/netty-common-4.1.118.Final.jar)
WARNING: Please consider reporting this to the maintainers of class io.netty.util.internal.PlatformDependent0$2
WARNING: sun.misc.Unsafe::allocateMemory will be removed in a future release
WARNING: A restricted method in java.lang.System has been called
WARNING: java.lang.System::load has been called by com.sun.jna.Native in an unnamed module (file:/Users/zaidkhan/Downloads/minecraft-server/.fabric/processedMods/net_java_dev_jna_jna-5.16.0-d8185e8d38e6179d.jar)
WARNING: Use --enable-native-access=ALL-UNNAMED to avoid a warning for callers in this module
WARNING: Restricted methods will be blocked in a future release unless native access is enabled

Oct 03, 2025 10:34:03 PM org.mineskin.ClientBuilder build
WARNING: Creating MineSkinClient without API key - Please get an API key from https://account.mineskin.org/keys
WARNING: A terminally deprecated method in sun.misc.Unsafe has been called
WARNING: sun.misc.Unsafe::allocateMemory has been called by io.netty.util.internal.PlatformDependent0$2 (file:/Users/zaidkhan/Downloads/minecraft-server/libraries/io/netty/netty-common/4.1.118.Final/netty-common-4.1.118.Final.jar)
WARNING: Please consider reporting this to the maintainers of class io.netty.util.internal.PlatformDependent0$2
WARNING: sun.misc.Unsafe::allocateMemory will be removed in a future release
WARNING: A restricted method in java.lang.System has been called
WARNING: java.lang.System::load has been called by com.sun.jna.Native in an unnamed module (file:/Users/zaidkhan/Downloads/minecraft-server/.fabric/processedMods/net_java_dev_jna_jna-5.16.0-d8185e8d38e6179d.jar)
WARNING: Use --enable-native-access=ALL-UNNAMED to avoid a warning for callers in this module
WARNING: Restricted methods will be blocked in a future release unless native access is enabled

Oct 07, 2025 9:29:29 PM org.mineskin.ClientBuilder build
WARNING: Creating MineSkinClient without API key - Please get an API key from https://account.mineskin.org/keys
